<html>
<body>
<pre>
<h1>µVision Build Log</h1>
<h2>Project:</h2>
C:\Users\USER\Desktop\LPC\switch.uvproj
Project File Date:  <unknown>

<h2>Output:</h2>
Build target 'Target 1'
compiling EEEE.C...
linking...
Program Size: Code=568 RO-data=16 RW-data=0 ZI-data=1256  
"switch.axf" - 0 Error(s), 0 Warning(s).
Build target 'Target 1'
assembling Startup.s...
compiling EEEE.C...
linking...
Program Size: Code=568 RO-data=16 RW-data=0 ZI-data=1256  
FromELF: creating hex file...
"switch.axf" - 0 Error(s), 0 Warning(s).
